// Jest Snapshot v1, https://goo.gl/fbAQLP

exports[`TweetsConstants render constants 1`] = `
Object {
  "GET_TWEETS": "GET_TWEETS",
  "GET_TWEETS_FAIL": "GET_TWEETS_FAIL",
  "GET_TWEETS_REQUEST": "GET_TWEETS_REQUEST",
  "GET_TWEETS_SUCCESS": "GET_TWEETS_SUCCESS",
  "SEARCH_TWEETS": "SEARCH_TWEETS",
  "SEARCH_TWEETS_FAIL": "SEARCH_TWEETS_FAIL",
  "SEARCH_TWEETS_REQUEST": "SEARCH_TWEETS_REQUEST",
  "SEARCH_TWEETS_SUCCESS": "SEARCH_TWEETS_SUCCESS",
}
`;
