// Jest Snapshot v1, https://goo.gl/fbAQLP

exports[`UserConstants render constants 1`] = `
Object {
  "LOGIN": "LOGIN",
  "LOGIN_FAIL": "LOGIN_FAIL",
  "LOGIN_REQUEST": "LOGIN_REQUEST",
  "LOGIN_SUCCESS": "LOGIN_SUCCESS",
  "LOGOUT": "LOGOUT",
  "LOGOUT_REQUEST": "LOGOUT_REQUEST",
  "REGISTER": "REGISTER",
  "REGISTER_FAIL": "REGISTER_FAIL",
  "REGISTER_REQUEST": "REGISTER_REQUEST",
  "REGISTER_SUCCESS": "REGISTER_SUCCESS",
  "UPDATE": "UPDATE",
  "UPDATE_FAIL": "UPDATE_FAIL",
  "UPDATE_REQUEST": "UPDATE_REQUEST",
  "UPDATE_SUCCESS": "UPDATE_SUCCESS",
}
`;
